// Jest Snapshot v1, https://goo.gl/fbAQLP

exports[`<ErrorPage> page renders and matches snapshot 1`] = `"<html data-reactroot=\\"\\"><head></head><body><div id=\\"__next\\"><main><p>An error 200 occurred on server</p></main></div></body></html>"`;

exports[`<ErrorPage> page renders and matches snapshot 2`] = `"<div id=\\"__next\\"><main><p>An error 200 occurred on server</p></main></div>"`;

exports[`<ErrorPage> should match snapshot 1`] = `
<p>
  An error occurred on client
</p>
`;
