// Jest Snapshot v1, https://goo.gl/fbAQLP

exports[`fontLinksProps should matches it's snapshots 1`] = `
Array [
  Object {
    "crossOrigin": "true",
    "href": "https://css.gstatic.com/",
    "rel": "preconnect",
  },
  Object {
    "as": "style",
    "href": "/css/font.css",
    "rel": "preload",
  },
  Object {
    "href": "/css/font.css",
    "rel": "stylesheet",
  },
]
`;
